// Vitest Snapshot v1, https://vitest.dev/guide/snapshot.html

exports[`test List Params > should default value 1`] = `
{
  "filters": null,
  "pagination": {
    "current": 1,
    "perPage": 10,
  },
  "sorters": [
    {
      "field": "id",
      "order": "asc",
    },
  ],
}
`;
